This is pdfTeX, Version 3.141592653-2.6-1.40.29 (TeX Live 2026) (preloaded format=pdflatex 2026.5.23)  2 JUN 2026 13:33
entering extended mode
 restricted \write18 enabled.
 %&-line parsing enabled.
**section-1.tex
(./section-1.tex
LaTeX2e <2025-11-01>
L3 programming layer <2026-04-28>
! Undefined control sequence.
l.1 \section
            {GHP \& Held}
The control sequence at the end of the top line
of your error message was never \def'ed. If you have
misspelled it (e.g., `\hobx'), type `I' and the correct
spelling (e.g., `I\hbox'). Otherwise just continue,
and I'll forget about whatever was undefined.


! LaTeX Error: Missing \begin{document}.

See the LaTeX manual or LaTeX Companion for explanation.
Type  H <return>  for immediate help.
 ...                                              
                                                  
l.1 \section{G
              HP \& Held}
You're in trouble here.  Try typing  <return>  to proceed.
If that doesn't work, type  X <return>  to quit.

Missing character: There is no G in font nullfont!
Missing character: There is no H in font nullfont!
Missing character: There is no P in font nullfont!
Missing character: There is no & in font nullfont!
Missing character: There is no H in font nullfont!
Missing character: There is no e in font nullfont!
Missing character: There is no l in font nullfont!
Missing character: There is no d in font nullfont!

Overfull \hbox (20.0pt too wide) in paragraph at lines 1--2
[]
 []


! LaTeX Error: Missing \begin{document}.

See the LaTeX manual or LaTeX Companion for explanation.
Type  H <return>  for immediate help.
 ...                                              
                                                  
l.3 C
     ombining eq. 123, eq. 124 and eq. J.1a of \cite{Hollands:2024iqp} gives
You're in trouble here.  Try typing  <return>  to proceed.
If that doesn't work, type  X <return>  to quit.

Missing character: There is no C in font nullfont!
Missing character: There is no o in font nullfont!
Missing character: There is no m in font nullfont!
Missing character: There is no b in font nullfont!
Missing character: There is no i in font nullfont!
Missing character: There is no n in font nullfont!
Missing character: There is no i in font nullfont!
Missing character: There is no n in font nullfont!
Missing character: There is no g in font nullfont!
Missing character: There is no e in font nullfont!
Missing character: There is no q in font nullfont!
Missing character: There is no . in font nullfont!
Missing character: There is no 1 in font nullfont!
Missing character: There is no 2 in font nullfont!
Missing character: There is no 3 in font nullfont!
Missing character: There is no , in font nullfont!
Missing character: There is no e in font nullfont!
Missing character: There is no q in font nullfont!
Missing character: There is no . in font nullfont!
Missing character: There is no 1 in font nullfont!
Missing character: There is no 2 in font nullfont!
Missing character: There is no 4 in font nullfont!
Missing character: There is no a in font nullfont!
Missing character: There is no n in font nullfont!
Missing character: There is no d in font nullfont!
Missing character: There is no e in font nullfont!
Missing character: There is no q in font nullfont!
Missing character: There is no . in font nullfont!
Missing character: There is no J in font nullfont!
Missing character: There is no . in font nullfont!
Missing character: There is no 1 in font nullfont!
Missing character: There is no a in font nullfont!
Missing character: There is no o in font nullfont!
Missing character: There is no f in font nullfont!
Missing character: There is no [ in font nullfont!
\citation{Hollands:2024iqp}
! Undefined control sequence.
<write> ...: Citation `\@citeb ' on page \thepage 
                                                  \space undefined\on@line .
l.3 ...124 and eq. J.1a of \cite{Hollands:2024iqp}
                                                   gives
The control sequence at the end of the top line
of your error message was never \def'ed. If you have
misspelled it (e.g., `\hobx'), type `I' and the correct
spelling (e.g., `I\hbox'). Otherwise just continue,
and I'll forget about whatever was undefined.


LaTeX Warning: Citation `Hollands:2024iqp' on page  undefined on input line 3.

Missing character: There is no ] in font nullfont!
Missing character: There is no g in font nullfont!
Missing character: There is no i in font nullfont!
Missing character: There is no v in font nullfont!
Missing character: There is no e in font nullfont!
Missing character: There is no s in font nullfont!

Overfull \hbox (20.0pt too wide) in paragraph at lines 3--4
[]
 []


Overfull \hbox (5.43053pt too wide) in paragraph at lines 3--4
[]
 []


! LaTeX Error: Missing \begin{document}.

See the LaTeX manual or LaTeX Companion for explanation.
Type  H <return>  for immediate help.
 ...                                              
                                                  
l.5 \begin{equation}
                    
You're in trouble here.  Try typing  <return>  to proceed.
If that doesn't work, type  X <return>  to quit.


Overfull \hbox (20.0pt too wide) in paragraph at lines 5--5
[] 
 []

LaTeX Font Info:    External font `cmex10' loaded for size
(Font)              <7> on input line 5.
LaTeX Font Info:    External font `cmex10' loaded for size
(Font)              <5> on input line 5.
! Undefined control sequence.
l.6 \zeta = - \Psi^{-\sfrac
                           {1}{6}}_2 \bar{\Psi}^{-\sfrac{1}{6}}_2 \rho^{-\sf...
The control sequence at the end of the top line
of your error message was never \def'ed. If you have
misspelled it (e.g., `\hobx'), type `I' and the correct
spelling (e.g., `I\hbox'). Otherwise just continue,
and I'll forget about whatever was undefined.

! Undefined control sequence.
l.6 ... \Psi^{-\sfrac{1}{6}}_2 \bar{\Psi}^{-\sfrac
                                                  {1}{6}}_2 \rho^{-\sfrac{1}...
The control sequence at the end of the top line
of your error message was never \def'ed. If you have
misspelled it (e.g., `\hobx'), type `I' and the correct
spelling (e.g., `I\hbox'). Otherwise just continue,
and I'll forget about whatever was undefined.

! Undefined control sequence.
l.6 ... \bar{\Psi}^{-\sfrac{1}{6}}_2 \rho^{-\sfrac
                                                  {1}{2}} \bar{\rho}^{\sfrac...
The control sequence at the end of the top line
of your error message was never \def'ed. If you have
misspelled it (e.g., `\hobx'), type `I' and the correct
spelling (e.g., `I\hbox'). Otherwise just continue,
and I'll forget about whatever was undefined.

! Undefined control sequence.
l.6 ...}_2 \rho^{-\sfrac{1}{2}} \bar{\rho}^{\sfrac
                                                  {1}{2}}
The control sequence at the end of the top line
of your error message was never \def'ed. If you have
misspelled it (e.g., `\hobx'), type `I' and the correct
spelling (e.g., `I\hbox'). Otherwise just continue,
and I'll forget about whatever was undefined.


Overfull \hbox (104.75887pt too wide) detected at line 7
\OML/cmm/m/it/10 ^^P \OT1/cmr/m/n/10 = \OMS/cmsy/m/n/10 ^^@\OT1/cmr/m/n/10 	[][
]\OML/cmm/m/it/10 ^^Z[][]
 []


! LaTeX Error: Missing \begin{document}.

See the LaTeX manual or LaTeX Companion for explanation.
Type  H <return>  for immediate help.
 ...                                              
                                                  
l.9 \begin{equation}
                    
You're in trouble here.  Try typing  <return>  to proceed.
If that doesn't work, type  X <return>  to quit.


Overfull \hbox (20.0pt too wide) in paragraph at lines 9--9
[] 
 []


! LaTeX Error: Environment split undefined.

See the LaTeX manual or LaTeX Companion for explanation.
Type  H <return>  for immediate help.
 ...                                              
                                                  
l.10 \begin{split}
                  
Your command was ignored.
Type  I <command> <return>  to replace it with another command,
or  <return>  to continue without it.

! Misplaced alignment tab character &.
l.11 B_a &
          = -\rho n_a + \tau \bar{m}_a,\\
I can't figure out why you would want to use a tab mark
here. If you just want an ampersand, the remedy is
simple: Just type `I\&' now. But if some right brace
up above has ended a previous alignment prematurely,
you're probably due for more error messages, and you
might try typing `S' now just to see what is salvageable.

! Misplaced alignment tab character &.
l.12 B'_a &
           = -\rho' l_a + \tau' m_a.
I can't figure out why you would want to use a tab mark
here. If you just want an ampersand, the remedy is
simple: Just type `I\&' now. But if some right brace
up above has ended a previous alignment prematurely,
you're probably due for more error messages, and you
might try typing `S' now just to see what is salvageable.


! LaTeX Error: \begin{equation} on input line 9 ended by \end{split}.

See the LaTeX manual or LaTeX Companion for explanation.
Type  H <return>  for immediate help.
 ...                                              
                                                  
l.13 \end{split}
                
Your command was ignored.
Type  I <command> <return>  to replace it with another command,
or  <return>  to continue without it.


Overfull \hbox (162.70068pt too wide) detected at line 14
\OML/cmm/m/it/10 B[] \OT1/cmr/m/n/10 = \OMS/cmsy/m/n/10 ^^@\OML/cmm/m/it/10 ^^Z
n[] \OT1/cmr/m/n/10 + \OML/cmm/m/it/10 ^^\[]; [] B[] \OT1/cmr/m/n/10 = \OMS/cms
y/m/n/10 ^^@\OML/cmm/m/it/10 ^^Z[]l[] \OT1/cmr/m/n/10 + \OML/cmm/m/it/10 ^^\[]m
[]:
 []


! LaTeX Error: Missing \begin{document}.

See the LaTeX manual or LaTeX Companion for explanation.
Type  H <return>  for immediate help.
 ...                                              
                                                  
l.16 \begin{equation}
                     
You're in trouble here.  Try typing  <return>  to proceed.
If that doesn't work, type  X <return>  to quit.


Overfull \hbox (20.0pt too wide) in paragraph at lines 16--16
[] 
 []


Overfull \hbox (67.2959pt too wide) detected at line 18
\OML/cmm/m/it/10 t[] \OT1/cmr/m/n/10 = \OML/cmm/m/it/10 ^^P\OT1/cmr/m/n/10 (\OM
L/cmm/m/it/10 B[] \OMS/cmsy/m/n/10 ^^@ \OML/cmm/m/it/10 B[]\OT1/cmr/m/n/10 )
 []


! LaTeX Error: Missing \begin{document}.

See the LaTeX manual or LaTeX Companion for explanation.
Type  H <return>  for immediate help.
 ...                                              
                                                  
l.20 \begin{equation}
                     
You're in trouble here.  Try typing  <return>  to proceed.
If that doesn't work, type  X <return>  to quit.


Overfull \hbox (20.0pt too wide) in paragraph at lines 20--20
[] 
 []


LaTeX Warning: Command \L invalid in math mode on input line 21.


LaTeX Warning: Command \L invalid in math mode on input line 21.

! Undefined control sequence.
l.21 ...a} \bar{\Psi}_2  \eta = \zeta \rho' \thorn
                                                   \eta -\zeta \rho \thorn' ...
The control sequence at the end of the top line
of your error message was never \def'ed. If you have
misspelled it (e.g., `\hobx'), type `I' and the correct
spelling (e.g., `I\hbox'). Otherwise just continue,
and I'll forget about whatever was undefined.

! Undefined control sequence.
l.21 ...\zeta \rho' \thorn \eta -\zeta \rho \thorn
                                                  ' \eta - \zeta \tau' \eth ...
The control sequence at the end of the top line
of your error message was never \def'ed. If you have
misspelled it (e.g., `\hobx'), type `I' and the correct
spelling (e.g., `I\hbox'). Otherwise just continue,
and I'll forget about whatever was undefined.

! Undefined control sequence.
l.21 ...\zeta \rho \thorn' \eta - \zeta \tau' \eth
                                                   \eta + \zeta \tau \eth'' ...
The control sequence at the end of the top line
of your error message was never \def'ed. If you have
misspelled it (e.g., `\hobx'), type `I' and the correct
spelling (e.g., `I\hbox'). Otherwise just continue,
and I'll forget about whatever was undefined.

! Undefined control sequence.
l.21 ... - \zeta \tau' \eth \eta + \zeta \tau \eth
                                                  '' \eta - \frac{p}{2} \zet...
The control sequence at the end of the top line
of your error message was never \def'ed. If you have
misspelled it (e.g., `\hobx'), type `I' and the correct
spelling (e.g., `I\hbox'). Otherwise just continue,
and I'll forget about whatever was undefined.


Overfull \hbox (319.68304pt too wide) detected at line 22
[][]\OML/cmm/m/it/10 ^^Q \OT1/cmr/m/n/10 = \OML/cmm/m/it/10 t[]\OT1/cmr/m/n/10 
^^B[]\OML/cmm/m/it/10 ^^Q \OMS/cmsy/m/n/10 ^^@ []\OML/cmm/m/it/10 ^^P\OT1/cmr/m
/n/10 	[]\OML/cmm/m/it/10 ^^Q \OMS/cmsy/m/n/10 ^^@ [][][]\OML/cmm/m/it/10 ^^Q \
OT1/cmr/m/n/10 = \OML/cmm/m/it/10 ^^P^^Z[]^^Q \OMS/cmsy/m/n/10 ^^@ \OML/cmm/m/i
t/10 ^^P^^Z[]^^Q \OMS/cmsy/m/n/10 ^^@ \OML/cmm/m/it/10 ^^P^^\[]^^Q \OT1/cmr/m/n
/10 + \OML/cmm/m/it/10 ^^P^^\[]^^Q \OMS/cmsy/m/n/10 ^^@ []\OML/cmm/m/it/10 ^^P\
OT1/cmr/m/n/10 	[]\OML/cmm/m/it/10 ^^Q \OMS/cmsy/m/n/10 ^^@ [][][]\OML/cmm/m/it
/10 ^^Q
 []


! LaTeX Error: Missing \begin{document}.

See the LaTeX manual or LaTeX Companion for explanation.
Type  H <return>  for immediate help.
 ...                                              
                                                  
l.25 \begin{equation}
                     
You're in trouble here.  Try typing  <return>  to proceed.
If that doesn't work, type  X <return>  to quit.


Overfull \hbox (20.0pt too wide) in paragraph at lines 25--25
[] 
 []


! LaTeX Error: Environment split undefined.

See the LaTeX manual or LaTeX Companion for explanation.
Type  H <return>  for immediate help.
 ...                                              
                                                  
l.26 \begin{split}
                  
Your command was ignored.
Type  I <command> <return>  to replace it with another command,
or  <return>  to continue without it.

! Undefined control sequence.
l.27 \thorn
            \thorn \thorn \thorn \left( \zeta^4 \psi_4 \right)&= \eth' \eth'...
The control sequence at the end of the top line
of your error message was never \def'ed. If you have
misspelled it (e.g., `\hobx'), type `I' and the correct
spelling (e.g., `I\hbox'). Otherwise just continue,
and I'll forget about whatever was undefined.

! Undefined control sequence.
l.27 \thorn \thorn
                   \thorn \thorn \left( \zeta^4 \psi_4 \right)&= \eth' \eth'...
The control sequence at the end of the top line
of your error message was never \def'ed. If you have
misspelled it (e.g., `\hobx'), type `I' and the correct
spelling (e.g., `I\hbox'). Otherwise just continue,
and I'll forget about whatever was undefined.

! Undefined control sequence.
l.27 \thorn \thorn \thorn
                          \thorn \left( \zeta^4 \psi_4 \right)&= \eth' \eth'...
The control sequence at the end of the top line
of your error message was never \def'ed. If you have
misspelled it (e.g., `\hobx'), type `I' and the correct
spelling (e.g., `I\hbox'). Otherwise just continue,
and I'll forget about whatever was undefined.

! Undefined control sequence.
l.27 \thorn \thorn \thorn \thorn
                                 \left( \zeta^4 \psi_4 \right)&= \eth' \eth'...
The control sequence at the end of the top line
of your error message was never \def'ed. If you have
misspelled it (e.g., `\hobx'), type `I' and the correct
spelling (e.g., `I\hbox'). Otherwise just continue,
and I'll forget about whatever was undefined.

! Misplaced alignment tab character &.
l.27 ...horn \thorn \left( \zeta^4 \psi_4 \right)&
                                                  = \eth' \eth' \eth' \eth' ...
I can't figure out why you would want to use a tab mark
here. If you just want an ampersand, the remedy is
simple: Just type `I\&' now. But if some right brace
up above has ended a previous alignment prematurely,
you're probably due for more error messages, and you
might try typing `S' now just to see what is salvageable.

! Undefined control sequence.
l.27 ...thorn \left( \zeta^4 \psi_4 \right)&= \eth
                                                  ' \eth' \eth' \eth' \left(...
The control sequence at the end of the top line
of your error message was never \def'ed. If you have
misspelled it (e.g., `\hobx'), type `I' and the correct
spelling (e.g., `I\hbox'). Otherwise just continue,
and I'll forget about whatever was undefined.

! Undefined control sequence.
l.27 ...\left( \zeta^4 \psi_4 \right)&= \eth' \eth
                                                  ' \eth' \eth' \left( \zeta...
The control sequence at the end of the top line
of your error message was never \def'ed. If you have
misspelled it (e.g., `\hobx'), type `I' and the correct
spelling (e.g., `I\hbox'). Otherwise just continue,
and I'll forget about whatever was undefined.

! Double superscript.
<recently read> ^
                 
l.27 ...left( \zeta^4 \psi_4 \right)&= \eth' \eth'
                                                   \eth' \eth' \left( \zeta^...
I treat `x^1^2' essentially like `x^1{}^2'.

! Undefined control sequence.
l.27 ... \zeta^4 \psi_4 \right)&= \eth' \eth' \eth
                                                  ' \eth' \left( \zeta^4 \ps...
The control sequence at the end of the top line
of your error message was never \def'ed. If you have
misspelled it (e.g., `\hobx'), type `I' and the correct
spelling (e.g., `I\hbox'). Otherwise just continue,
and I'll forget about whatever was undefined.

! Double superscript.
<recently read> ^
                 
l.27 ...\zeta^4 \psi_4 \right)&= \eth' \eth' \eth'
                                                   \eth' \left( \zeta^4 \psi...
I treat `x^1^2' essentially like `x^1{}^2'.

! Undefined control sequence.
l.27 ...^4 \psi_4 \right)&= \eth' \eth' \eth' \eth
                                                  ' \left( \zeta^4 \psi_0 \r...
The control sequence at the end of the top line
of your error message was never \def'ed. If you have
misspelled it (e.g., `\hobx'), type `I' and the correct
spelling (e.g., `I\hbox'). Otherwise just continue,
and I'll forget about whatever was undefined.

! Double superscript.
<recently read> ^
                 
l.27 ...4 \psi_4 \right)&= \eth' \eth' \eth' \eth'
                                                   \left( \zeta^4 \psi_0 \ri...
I treat `x^1^2' essentially like `x^1{}^2'.


LaTeX Warning: Command \L invalid in math mode on input line 27.


LaTeX Warning: Command \L invalid in math mode on input line 27.

! Undefined control sequence.
<recently read> \thorn 
                       
l.28 \thorn
           ' \thorn' \thorn' \thorn' \left( \zeta^4 \psi_0 \right)&= \eth \e...
The control sequence at the end of the top line
of your error message was never \def'ed. If you have
misspelled it (e.g., `\hobx'), type `I' and the correct
spelling (e.g., `I\hbox'). Otherwise just continue,
and I'll forget about whatever was undefined.

! Undefined control sequence.
l.28 \thorn' \thorn
                   ' \thorn' \thorn' \left( \zeta^4 \psi_0 \right)&= \eth \e...
The control sequence at the end of the top line
of your error message was never \def'ed. If you have
misspelled it (e.g., `\hobx'), type `I' and the correct
spelling (e.g., `I\hbox'). Otherwise just continue,
and I'll forget about whatever was undefined.

! Double superscript.
<recently read> ^
                 
l.28 \thorn' \thorn'
                     \thorn' \thorn' \left( \zeta^4 \psi_0 \right)&= \eth \e...
I treat `x^1^2' essentially like `x^1{}^2'.

! Undefined control sequence.
l.28 \thorn' \thorn' \thorn
                           ' \thorn' \left( \zeta^4 \psi_0 \right)&= \eth \e...
The control sequence at the end of the top line
of your error message was never \def'ed. If you have
misspelled it (e.g., `\hobx'), type `I' and the correct
spelling (e.g., `I\hbox'). Otherwise just continue,
and I'll forget about whatever was undefined.

! Double superscript.
<recently read> ^
                 
l.28 \thorn' \thorn' \thorn'
                             \thorn' \left( \zeta^4 \psi_0 \right)&= \eth \e...
I treat `x^1^2' essentially like `x^1{}^2'.

! Undefined control sequence.
l.28 \thorn' \thorn' \thorn' \thorn
                                   ' \left( \zeta^4 \psi_0 \right)&= \eth \e...
The control sequence at the end of the top line
of your error message was never \def'ed. If you have
misspelled it (e.g., `\hobx'), type `I' and the correct
spelling (e.g., `I\hbox'). Otherwise just continue,
and I'll forget about whatever was undefined.

! Double superscript.
<recently read> ^
                 
l.28 \thorn' \thorn' \thorn' \thorn'
                                     \left( \zeta^4 \psi_0 \right)&= \eth \e...
I treat `x^1^2' essentially like `x^1{}^2'.

! Misplaced alignment tab character &.
l.28 ...rn' \thorn' \left( \zeta^4 \psi_0 \right)&
                                                  = \eth \eth \eth \eth \lef...
I can't figure out why you would want to use a tab mark
here. If you just want an ampersand, the remedy is
simple: Just type `I\&' now. But if some right brace
up above has ended a previous alignment prematurely,
you're probably due for more error messages, and you
might try typing `S' now just to see what is salvageable.

! Undefined control sequence.
l.28 ...horn' \left( \zeta^4 \psi_0 \right)&= \eth
                                                   \eth \eth \eth \left( \ze...
The control sequence at the end of the top line
of your error message was never \def'ed. If you have
misspelled it (e.g., `\hobx'), type `I' and the correct
spelling (e.g., `I\hbox'). Otherwise just continue,
and I'll forget about whatever was undefined.

! Undefined control sequence.
l.28 ... \left( \zeta^4 \psi_0 \right)&= \eth \eth
                                                   \eth \eth \left( \zeta^4 ...
The control sequence at the end of the top line
of your error message was never \def'ed. If you have
misspelled it (e.g., `\hobx'), type `I' and the correct
spelling (e.g., `I\hbox'). Otherwise just continue,
and I'll forget about whatever was undefined.

! Undefined control sequence.
l.28 ...t( \zeta^4 \psi_0 \right)&= \eth \eth \eth
                                                   \eth \left( \zeta^4 \psi_...
The control sequence at the end of the top line
of your error message was never \def'ed. If you have
misspelled it (e.g., `\hobx'), type `I' and the correct
spelling (e.g., `I\hbox'). Otherwise just continue,
and I'll forget about whatever was undefined.

! Undefined control sequence.
l.28 ...eta^4 \psi_0 \right)&= \eth \eth \eth \eth
                                                   \left( \zeta^4 \psi_4 \ri...
The control sequence at the end of the top line
of your error message was never \def'ed. If you have
misspelled it (e.g., `\hobx'), type `I' and the correct
spelling (e.g., `I\hbox'). Otherwise just continue,
and I'll forget about whatever was undefined.


LaTeX Warning: Command \L invalid in math mode on input line 28.


LaTeX Warning: Command \L invalid in math mode on input line 28.


! LaTeX Error: \begin{equation} on input line 25 ended by \end{split}.

See the LaTeX manual or LaTeX Companion for explanation.
Type  H <return>  for immediate help.
 ...                                              
                                                  
l.29 \end{split}
                
Your command was ignored.
Type  I <command> <return>  to replace it with another command,
or  <return>  to continue without it.


Overfull \hbox (245.82678pt too wide) detected at line 30
[] \OT1/cmr/m/n/10 =[] [][][] [] \OMS/cmsy/m/n/10 ^^@ \OT1/cmr/m/n/10 3[][][]\O
ML/cmm/m/it/10 ; [] [][][][] [] \OT1/cmr/m/n/10 = [] + 3[][][]\OML/cmm/m/it/10 
:
 []

)
! Emergency stop.
<*> section-1.tex
                 
*** (job aborted, no legal \end found)

 
Here is how much of TeX's memory you used:
 26 strings out of 467341
 534 string characters out of 5419596
 437244 words of memory out of 5000000
 29219 multiletter control sequences out of 15000+600000
 628029 words of font info for 41 fonts, out of 8000000 for 9000
 1141 hyphenation exceptions out of 8191
 19i,3n,31p,316b,96s stack positions out of 10000i,1000n,20000p,200000b,200000s
!  ==> Fatal error occurred, no output PDF file produced!
